[    0.000000] Linux version 4.15.0-96-generic (buildd@lgw01-amd64-004) (gcc version 7.5.0 (Ubuntu 7.5.0-3ubuntu1~18.04)) #97-Ubuntu SMP Wed Apr 1 03:25:46 UTC 2020 (Ubuntu 4.15.0-96.97-generic 4.15.18)
[    0.000000] Command line: BOOT_IMAGE=/boot/vmlinuz-4.15.0-96-generic root=LABEL=cloudimg-rootfs ro console=tty1 console=ttyS0
[    0.000000] KERNEL supported cpus:
[    0.000000]   Intel GenuineIntel
[    0.000000]   AMD AuthenticAMD
[    0.000000]   Centaur CentaurHauls
[    0.000000] x86/fpu: Supporting XSAVE feature 0x001: 'x87 floating point registers'
[    0.000000] x86/fpu: Supporting XSAVE feature 0x002: 'SSE registers'
[    0.000000] x86/fpu: Supporting XSAVE feature 0x004: 'AVX registers'
[    0.000000] x86/fpu: xstate_offset[2]:  576, xstate_sizes[2]:  256
[    0.000000] x86/fpu: Enabled xstate features 0x7, context size is 832 bytes, using 'standard' format.
[    0.000000] e820: BIOS-provided physical RAM map:
[    0.000000] BIOS-e820: [mem 0x0000000000000000-0x000000000009fbff] usable
[    0.000000] BIOS-e820: [mem 0x000000000009fc00-0x000000000009ffff] reserved
[    0.000000] BIOS-e820: [mem 0x00000000000f0000-0x00000000000fffff] reserved
[    0.000000] BIOS-e820: [mem 0x0000000000100000-0x000000003ffeffff] usable
[    0.000000] BIOS-e820: [mem 0x000000003fff0000-0x000000003fffffff] ACPI data
[    0.000000] BIOS-e820: [mem 0x00000000fec00000-0x00000000fec00fff] reserved
[    0.000000] BIOS-e820: [mem 0x00000000fee00000-0x00000000fee00fff] reserved
[    0.000000] BIOS-e820: [mem 0x00000000fffc0000-0x00000000ffffffff] reserved
[    0.000000] NX (Execute Disable) protection: active
[    0.000000] SMBIOS 2.5 present.
[    0.000000] DMI: innotek GmbH VirtualBox/VirtualBox, BIOS VirtualBox 12/01/2006
[    0.000000] Hypervisor detected: KVM
[    0.000000] e820: last_pfn = 0x3fff0 max_arch_pfn = 0x400000000
[    0.000000] MTRR: Disabled
[    0.000000] x86/PAT: MTRRs disabled, skipping PAT initialization too.
[    0.000000] CPU MTRRs all blank - virtualized system.
[    0.000000] x86/PAT: Configuration [0-7]: WB  WT  UC- UC  WB  WT  UC- UC  
[    0.000000] found SMP MP-table at [mem 0x0009fff0-0x0009ffff]
[    0.000000] Scanning 1 areas for low memory corruption
[    0.000000] RAMDISK: [mem 0x35a6b000-0x36d2cfff]
[    0.000000] ACPI: Early table checksum verification disabled
[    0.000000] ACPI: RSDP 0x00000000000E0000 000024 (v02 VBOX  )
[    0.000000] ACPI: XSDT 0x000000003FFF0030 00003C (v01 VBOX   VBOXXSDT 00000001 ASL  00000061)
[    0.000000] ACPI: FACP 0x000000003FFF00F0 0000F4 (v04 VBOX   VBOXFACP 00000001 ASL  00000061)
[    0.000000] ACPI: DSDT 0x000000003FFF0470 002325 (v02 VBOX   VBOXBIOS 00000002 INTL 20190509)
[    0.000000] ACPI: FACS 0x000000003FFF0200 000040
[    0.000000] ACPI: FACS 0x000000003FFF0200 000040
[    0.000000] ACPI: APIC 0x000000003FFF0240 00005C (v02 VBOX   VBOXAPIC 00000001 ASL  00000061)
[    0.000000] ACPI: SSDT 0x000000003FFF02A0 0001CC (v01 VBOX   VBOXCPUT 00000002 INTL 20190509)
[    0.000000] No NUMA configuration found
[    0.000000] Faking a node at [mem 0x0000000000000000-0x000000003ffeffff]
[    0.000000] NODE_DATA(0) allocated [mem 0x3ffc5000-0x3ffeffff]
[    0.000000] kvm-clock: cpu 0, msr 0:3ff44001, primary cpu clock
[    0.000000] kvm-clock: Using msrs 4b564d01 and 4b564d00
[    0.000000] kvm-clock: using sched offset of 4123748040 cycles
[    0.000000] clocksource: kvm-clock: mask: 0xffffffffffffffff max_cycles: 0x1cd42e4dffb, max_idle_ns: 881590591483 ns
[    0.000000] Zone ranges:
[    0.000000]   DMA      [mem 0x0000000000001000-0x0000000000ffffff]
[    0.000000]   DMA32    [mem 0x0000000001000000-0x000000003ffeffff]
[    0.000000]   Normal   empty
[    0.000000]   Device   empty
[    0.000000] Movable zone start for each node
[    0.000000] Early memory node ranges
[    0.000000]   node   0: [mem 0x0000000000001000-0x000000000009efff]
[    0.000000]   node   0: [mem 0x0000000000100000-0x000000003ffeffff]
[    0.000000] Reserved but unavailable: 98 pages
[    0.000000] Initmem setup node 0 [mem 0x0000000000001000-0x000000003ffeffff]
[    0.000000] ACPI: PM-Timer IO Port: 0x4008
[    0.000000] IOAPIC[0]: apic_id 2, version 32, address 0xfec00000, GSI 0-23
[    0.000000] ACPI: INT_SRC_OVR (bus 0 bus_irq 0 global_irq 2 dfl dfl)
[    0.000000] ACPI: INT_SRC_OVR (bus 0 bus_irq 9 global_irq 9 low level)
[    0.000000] Using ACPI (MADT) for SMP configuration information
[    0.000000] smpboot: Allowing 2 CPUs, 0 hotplug CPUs
[    0.000000] PM: Registered nosave memory: [mem 0x00000000-0x00000fff]
[    0.000000] PM: Registered nosave memory: [mem 0x0009f000-0x0009ffff]
[    0.000000] PM: Registered nosave memory: [mem 0x000a0000-0x000effff]
[    0.000000] PM: Registered nosave memory: [mem 0x000f0000-0x000fffff]
[    0.000000] e820: [mem 0x40000000-0xfebfffff] available for PCI devices
[    0.000000] Booting paravirtualized kernel on KVM
[    0.000000] clocksource: refined-jiffies: mask: 0xffffffff max_cycles: 0xffffffff, max_idle_ns: 7645519600211568 ns
[    0.000000] random: get_random_bytes called from start_kernel+0x99/0x4fd with crng_init=0
[    0.000000] setup_percpu: NR_CPUS:8192 nr_cpumask_bits:2 nr_cpu_ids:2 nr_node_ids:1
[    0.000000] percpu: Embedded 45 pages/cpu s147456 r8192 d28672 u1048576
[    0.000000] PV qspinlock hash table entries: 256 (order: 0, 4096 bytes)
[    0.000000] Built 1 zonelists, mobility grouping on.  Total pages: 257913
[    0.000000] Policy zone: DMA32
[    0.000000] Kernel command line: BOOT_IMAGE=/boot/vmlinuz-4.15.0-96-generic root=LABEL=cloudimg-rootfs ro console=tty1 console=ttyS0
[    0.000000] Memory: 983060K/1048120K available (12300K kernel code, 2481K rwdata, 4264K rodata, 2432K init, 2712K bss, 65060K reserved, 0K cma-reserved)
[    0.000000] SLUB: HWalign=64, Order=0-3, MinObjects=0, CPUs=2, Nodes=1
[    0.000000] Kernel/User page tables isolation: enabled
[    0.000000] ftrace: allocating 39351 entries in 154 pages
[    0.004000] Hierarchical RCU implementation.
[    0.004000] 	RCU restricting CPUs from NR_CPUS=8192 to nr_cpu_ids=2.
[    0.004000] 	Tasks RCU enabled.
[    0.004000] RCU: Adjusting geometry for rcu_fanout_leaf=16, nr_cpu_ids=2
[    0.004000] NR_IRQS: 524544, nr_irqs: 440, preallocated irqs: 16
[    0.004000] Console: colour VGA+ 80x25
[    0.004000] console [tty1] enabled
[    0.004000] console [ttyS0] enabled
[    0.004000] ACPI: Core revision 20170831
[    0.004000] ACPI: 2 ACPI AML tables successfully acquired and loaded
[    0.004000] APIC: Switch to symmetric I/O mode setup
[    0.004000] x2apic enabled
[    0.004000] Switched APIC routing to physical x2apic.
[    0.004000] ..TIMER: vector=0x30 apic1=0 pin1=2 apic2=-1 pin2=-1
[    0.004005] tsc: Detected 1991.999 MHz processor
[    0.005008] Calibrating delay loop (skipped) preset value.. 3983.99 BogoMIPS (lpj=7967996)
[    0.005722] pid_max: default: 32768 minimum: 301
[    0.008101] Security Framework initialized
[    0.009780] Yama: becoming mindful.
[    0.010640] AppArmor: AppArmor initialized
[    0.012867] Dentry cache hash table entries: 131072 (order: 8, 1048576 bytes)
[    0.014654] Inode-cache hash table entries: 65536 (order: 7, 524288 bytes)
[    0.016027] Mount-cache hash table entries: 2048 (order: 2, 16384 bytes)
[    0.017890] Mountpoint-cache hash table entries: 2048 (order: 2, 16384 bytes)
[    0.020413] Last level iTLB entries: 4KB 64, 2MB 8, 4MB 8
[    0.021580] Last level dTLB entries: 4KB 64, 2MB 0, 4MB 0, 1GB 4
[    0.022920] Spectre V1 : Mitigation: usercopy/swapgs barriers and __user pointer sanitization
[    0.024004] Spectre V2 : Mitigation: Full generic retpoline
[    0.025275] Spectre V2 : Spectre v2 / SpectreRSB mitigation: Filling RSB on context switch
[    0.028003] Speculative Store Bypass: Vulnerable
[    0.029170] MDS: Mitigation: Clear CPU buffers
[    0.030325] Freeing SMP alternatives memory: 36K
[    0.142957] smpboot: CPU0: Intel(R) Core(TM) i7-8550U CPU @ 1.80GHz (family: 0x6, model: 0x8e, stepping: 0xa)
[    0.144000] Performance Events: unsupported p6 CPU model 142 no PMU driver, software events only.
[    0.144050] Hierarchical SRCU implementation.
[    0.145962] NMI watchdog: Perf event create on CPU 0 failed with -2
[    0.147569] NMI watchdog: Perf NMI watchdog permanently disabled
[    0.148077] smp: Bringing up secondary CPUs ...
[    0.149213] x86: Booting SMP configuration:
[    0.150172] .... node  #0, CPUs:      #1
[    0.004000] kvm-clock: cpu 1, msr 0:3ff44041, secondary cpu clock
[    0.155372] smp: Brought up 1 node, 2 CPUs
[    0.156006] smpboot: Max logical packages: 1
[    0.157026] smpboot: Total of 2 processors activated (7967.99 BogoMIPS)
[    0.158679] devtmpfs: initialized
[    0.160068] x86/mm: Memory block size: 128MB
[    0.161259] evm: security.selinux
[    0.162113] evm: security.SMACK64
[    0.162937] evm: security.SMACK64EXEC
[    0.163843] evm: security.SMACK64TRANSMUTE
[    0.164009] evm: security.SMACK64MMAP
[    0.164892] evm: security.apparmor
[    0.167286] evm: security.ima
[    0.168000] evm: security.capability
[    0.168123] clocksource: jiffies: mask: 0xffffffff max_cycles: 0xffffffff, max_idle_ns: 7645041785100000 ns
[    0.172012] futex hash table entries: 512 (order: 3, 32768 bytes)
[    0.174088] pinctrl core: initialized pinctrl subsystem
[    0.176150] RTC time: 17:58:10, date: 09/03/22
[    0.177612] NET: Registered protocol family 16
[    0.178864] audit: initializing netlink subsys (disabled)
[    0.180052] audit: type=2000 audit(1662227895.941:1): state=initialized audit_enabled=0 res=1
[    0.181691] cpuidle: using governor ladder
[    0.181691] cpuidle: using governor menu
[    0.184056] ACPI: bus type PCI registered
[    0.184840] acpiphp: ACPI Hot Plug PCI Controller Driver version: 0.5
[    0.186121] PCI: Using configuration type 1 for base access
[    0.188744] HugeTLB registered 2.00 MiB page size, pre-allocated 0 pages
[    0.189201] ACPI: Added _OSI(Module Device)
[    0.189201] ACPI: Added _OSI(Processor Device)
[    0.192004] ACPI: Added _OSI(3.0 _SCP Extensions)
[    0.192855] ACPI: Added _OSI(Processor Aggregator Device)
[    0.193805] ACPI: Added _OSI(Linux-Dell-Video)
[    0.194670] ACPI: Added _OSI(Linux-Lenovo-NV-HDMI-Audio)
[    0.196004] ACPI: Added _OSI(Linux-HPI-Hybrid-Graphics)
[    0.197523] ACPI: Executed 1 blocks of module-level executable AML code
[    0.203453] ACPI: Interpreter enabled
[    0.204016] ACPI: (supports S0 S5)
[    0.204862] ACPI: Using IOAPIC for interrupt routing
[    0.206302] PCI: Using host bridge windows from ACPI; if necessary, use "pci=nocrs" and report a bug
[    0.208183] ACPI: Enabled 2 GPEs in block 00 to 07
[    0.216902] ACPI: PCI Root Bridge [PCI0] (domain 0000 [bus 00-ff])
[    0.218415] acpi PNP0A03:00: _OSC: OS supports [ASPM ClockPM Segments MSI]
[    0.220494] acpi PNP0A03:00: _OSC: not requesting OS control; OS requires [ExtendedConfig ASPM ClockPM MSI]
[    0.222652] acpi PNP0A03:00: fail to add MMCONFIG information, can't access extended PCI configuration space under this bridge.
[    0.224430] PCI host bridge to bus 0000:00
[    0.225263] pci_bus 0000:00: root bus resource [io  0x0000-0x0cf7 window]
[    0.226546] pci_bus 0000:00: root bus resource [io  0x0d00-0xffff window]
[    0.228004] pci_bus 0000:00: root bus resource [mem 0x000a0000-0x000bffff window]
[    0.229431] pci_bus 0000:00: root bus resource [mem 0x40000000-0xfdffffff window]
[    0.232005] pci_bus 0000:00: root bus resource [bus 00-ff]
[    0.235221] pci 0000:00:01.1: legacy IDE quirk: reg 0x10: [io  0x01f0-0x01f7]
[    0.236004] pci 0000:00:01.1: legacy IDE quirk: reg 0x14: [io  0x03f6]
[    0.237413] pci 0000:00:01.1: legacy IDE quirk: reg 0x18: [io  0x0170-0x0177]
[    0.238906] pci 0000:00:01.1: legacy IDE quirk: reg 0x1c: [io  0x0376]
[    0.260023] pci 0000:00:07.0: quirk: [io  0x4000-0x403f] claimed by PIIX4 ACPI
[    0.261834] pci 0000:00:07.0: quirk: [io  0x4100-0x410f] claimed by PIIX4 SMB
[    0.270970] ACPI: PCI Interrupt Link [LNKA] (IRQs 5 9 10 *11)
[    0.272356] ACPI: PCI Interrupt Link [LNKB] (IRQs 5 9 *10 11)
[    0.273665] ACPI: PCI Interrupt Link [LNKC] (IRQs 5 *9 10 11)
[    0.274901] ACPI: PCI Interrupt Link [LNKD] (IRQs 5 9 10 *11)
[    0.276543] SCSI subsystem initialized
[    0.277398] pci 0000:00:02.0: vgaarb: setting as boot VGA device
[    0.277440] pci 0000:00:02.0: vgaarb: VGA device added: decodes=io+mem,owns=io+mem,locks=none
[    0.280015] pci 0000:00:02.0: vgaarb: bridge control possible
[    0.281392] vgaarb: loaded
[    0.282208] ACPI: bus type USB registered
[    0.284031] usbcore: registered new interface driver usbfs
[    0.285348] usbcore: registered new interface driver hub
[    0.286704] usbcore: registered new device driver usb
[    0.288128] EDAC MC: Ver: 3.0.0
[    0.289254] PCI: Using ACPI for IRQ routing
[    0.289325] NetLabel: Initializing
[    0.292014] NetLabel:  domain hash size = 128
[    0.292915] NetLabel:  protocols = UNLABELED CIPSOv4 CALIPSO
[    0.294149] NetLabel:  unlabeled traffic allowed by default
[    0.296094] clocksource: Switched to clocksource kvm-clock
[    0.315052] VFS: Disk quotas dquot_6.6.0
[    0.316257] VFS: Dquot-cache hash table entries: 512 (order 0, 4096 bytes)
[    0.318120] AppArmor: AppArmor Filesystem Enabled
[    0.319253] pnp: PnP ACPI init
[    0.321518] pnp: PnP ACPI: found 3 devices
[    0.332273] clocksource: acpi_pm: mask: 0xffffff max_cycles: 0xffffff, max_idle_ns: 2085701024 ns
[    0.334622] NET: Registered protocol family 2
[    0.335875] TCP established hash table entries: 8192 (order: 4, 65536 bytes)
[    0.337494] TCP bind hash table entries: 8192 (order: 5, 131072 bytes)
[    0.339653] TCP: Hash tables configured (established 8192 bind 8192)
[    0.341336] UDP hash table entries: 512 (order: 2, 16384 bytes)
[    0.342747] UDP-Lite hash table entries: 512 (order: 2, 16384 bytes)
[    0.344168] NET: Registered protocol family 1
[    0.345731] pci 0000:00:00.0: Limiting direct PCI/PCI transfers
[    0.347244] pci 0000:00:01.0: Activating ISA DMA hang workarounds
[    0.348757] pci 0000:00:02.0: Video device with shadowed ROM at [mem 0x000c0000-0x000dffff]
[    0.350955] Unpacking initramfs...
[    0.717856] Freeing initrd memory: 19208K
[    0.718933] clocksource: tsc: mask: 0xffffffffffffffff max_cycles: 0x396d4ffc055, max_idle_ns: 881590662783 ns
[    0.721070] platform rtc_cmos: registered platform RTC device (no PNP device found)
[    0.722615] Scanning for low memory corruption every 60 seconds
[    0.724626] Initialise system trusted keyrings
[    0.725657] Key type blacklist registered
[    0.727901] workingset: timestamp_bits=36 max_order=18 bucket_order=0
[    0.731145] zbud: loaded
[    0.732516] squashfs: version 4.0 (2009/01/31) Phillip Lougher
[    0.734020] fuse init (API version 7.26)
[    0.736922] Key type asymmetric registered
[    0.737845] Asymmetric key parser 'x509' registered
[    0.738940] Block layer SCSI generic (bsg) driver version 0.4 loaded (major 246)
[    0.740646] io scheduler noop registered
[    0.741529] io scheduler deadline registered
[    0.742525] io scheduler cfq registered (default)
[    0.743982] ACPI: AC Adapter [AC] (on-line)
[    0.745051] input: Power Button as /devices/LNXSYSTM:00/LNXPWRBN:00/input/input0
[    0.746725] ACPI: Power Button [PWRF]
[    0.747629] input: Sleep Button as /devices/LNXSYSTM:00/LNXSLPBN:00/input/input1
[    0.749302] ACPI: Sleep Button [SLPF]
[    0.751359] ACPI: Battery Slot [BAT0] (battery present)
[    0.752237] Serial: 8250/16550 driver, 32 ports, IRQ sharing enabled
[    0.775059] 00:02: ttyS0 at I/O 0x3f8 (irq = 4, base_baud = 115200) is a 16550A
[    0.778968] Linux agpgart interface v0.103
[    0.781722] loop: module loaded
[    0.783254] scsi host0: ata_piix
[    0.784190] scsi host1: ata_piix
[    0.785019] ata1: PATA max UDMA/33 cmd 0x1f0 ctl 0x3f6 bmdma 0xd000 irq 14
[    0.786508] ata2: PATA max UDMA/33 cmd 0x170 ctl 0x376 bmdma 0xd008 irq 15
[    0.788125] libphy: Fixed MDIO Bus: probed
[    0.789089] tun: Universal TUN/TAP device driver, 1.6
[    0.791666] PPP generic driver version 2.4.2
[    0.793756] ehci_hcd: USB 2.0 'Enhanced' Host Controller (EHCI) Driver
[    0.795165] ehci-pci: EHCI PCI platform driver
[    0.796199] ehci-platform: EHCI generic platform driver
[    0.797927] ohci_hcd: USB 1.1 'Open' Host Controller (OHCI) Driver
[    0.799359] ohci-pci: OHCI PCI platform driver
[    0.800439] ohci-platform: OHCI generic platform driver
[    0.801619] uhci_hcd: USB Universal Host Controller Interface driver
[    0.803077] i8042: PNP: PS/2 Controller [PNP0303:PS2K,PNP0f03:PS2M] at 0x60,0x64 irq 1,12
[    0.805564] serio: i8042 KBD port at 0x60,0x64 irq 1
[    0.806759] serio: i8042 AUX port at 0x60,0x64 irq 12
[    0.808000] mousedev: PS/2 mouse device common for all mice
[    0.809652] input: AT Translated Set 2 keyboard as /devices/platform/i8042/serio0/input/input2
[    0.812244] rtc_cmos rtc_cmos: rtc core: registered rtc_cmos as rtc0
[    0.814475] rtc_cmos rtc_cmos: alarms up to one day, 114 bytes nvram
[    0.815981] i2c /dev entries driver
[    0.817036] device-mapper: uevent: version 1.0.3
[    0.818239] device-mapper: ioctl: 4.37.0-ioctl (2017-09-20) initialised: dm-devel@redhat.com
[    0.820324] ledtrig-cpu: registered to indicate activity on CPUs
[    0.822204] NET: Registered protocol family 10
[    0.827392] Segment Routing with IPv6
[    0.828223] NET: Registered protocol family 17
[    0.829264] Key type dns_resolver registered
[    0.830434] mce: Using 0 MCE banks
[    0.831096] RAS: Correctable Errors collector initialized.
[    0.832056] sched_clock: Marking stable (830344342, 0)->(1015136186, -184791844)
[    0.833892] registered taskstats version 1
[    0.834765] Loading compiled-in X.509 certificates
[    0.838365] Loaded X.509 cert 'Build time autogenerated kernel key: 244b473b43e18b01f00e37a87f2ecd28620f0244'
[    0.840330] zswap: loaded using pool lzo/zbud
[    0.845094] Key type big_key registered
[    0.845948] Key type trusted registered
[    0.848738] Key type encrypted registered
[    0.849925] AppArmor: AppArmor sha1 policy hashing enabled
[    0.851328] ima: No TPM chip found, activating TPM-bypass! (rc=-19)
[    0.852937] ima: Allocated hash algorithm: sha1
[    0.854469] evm: HMAC attrs: 0x1
[    0.855701]   Magic number: 6:489:996
[    0.856925] rtc_cmos rtc_cmos: setting system clock to 2022-09-03 17:58:11 UTC (1662227891)
[    0.859177] BIOS EDD facility v0.16 2004-Jun-25, 0 devices found
[    0.860751] EDD information not available.
[    1.180015] Freeing unused kernel image memory: 2432K
[    1.192097] Write protecting the kernel read-only data: 20480k
[    1.193847] Freeing unused kernel image memory: 2008K
[    1.195182] Freeing unused kernel image memory: 1880K
[    1.203421] x86/mm: Checked W+X mappings: passed, no W+X pages found.
[    1.204806] x86/mm: Checking user space page tables
[    1.212984] x86/mm: Checked W+X mappings: passed, no W+X pages found.
Loading, please wait...
starting version 237
[    1.298714] Fusion MPT base driver 3.04.20
[    1.299659] Copyright (c) 1999-2008 LSI Corporation
[    1.300857] e1000: Intel(R) PRO/1000 Network Driver - version 7.3.21-k8-NAPI
[    1.302355] e1000: Copyright (c) 1999-2006 Intel Corporation.
[    1.311324] Fusion MPT SPI Host driver 3.04.20
[    1.323741] AVX2 version of gcm_enc/dec engaged.
[    1.324761] AES CTR mode by8 optimization enabled
[    1.501940] input: ImExPS/2 Generic Explorer Mouse as /devices/platform/i8042/serio1/input/input4
[    1.700119] e1000 0000:00:03.0 eth0: (PCI:33MHz:32-bit) 02:43:0e:00:05:fc
[    1.703802] e1000 0000:00:03.0 eth0: Intel(R) PRO/1000 Network Connection
[    1.708635] e1000 0000:00:03.0 enp0s3: renamed from eth0
[    1.710066] mptbase: ioc0: Initiating bringup
[    1.804380] ioc0: LSI53C1030 A0: Capabilities={Initiator}
[    2.045886] scsi host2: ioc0: LSI53C1030 A0, FwRev=00000000h, Ports=1, MaxQ=256, IRQ=20
[    2.212716] scsi 2:0:0:0: Direct-Access     VBOX     HARDDISK         1.0  PQ: 0 ANSI: 5
[    2.681718] scsi target2:0:0: Beginning Domain Validation
[    2.683621] scsi target2:0:0: Domain Validation skipping write tests
[    2.684760] scsi target2:0:0: Ending Domain Validation
[    2.685940] scsi target2:0:0: asynchronous
[    2.686933] scsi 2:0:1:0: Direct-Access     VBOX     HARDDISK         1.0  PQ: 0 ANSI: 5
[    3.109351] scsi target2:0:1: Beginning Domain Validation
[    3.112564] random: fast init done
[    3.113842] scsi target2:0:1: Domain Validation skipping write tests
[    3.115106] scsi target2:0:1: Ending Domain Validation
[    3.116104] scsi target2:0:1: asynchronous
[    3.119572] random: systemd-udevd: uninitialized urandom read (16 bytes read)
[    3.120999] random: systemd-udevd: uninitialized urandom read (16 bytes read)
[    3.122141] random: systemd-udevd: uninitialized urandom read (16 bytes read)
[    3.123771] sd 2:0:0:0: [sda] 20971520 512-byte logical blocks: (10.7 GB/10.0 GiB)
[    3.125199] sd 2:0:0:0: [sda] Write Protect is off
[    3.126186] sd 2:0:0:0: [sda] Incomplete mode parameter data
[    3.127249] sd 2:0:0:0: [sda] Assuming drive cache: write through
[    3.128840] sd 2:0:0:0: Attached scsi generic sg0 type 0
[    3.130682] sd 2:0:1:0: [sdb] 20480 512-byte logical blocks: (10.5 MB/10.0 MiB)
[    3.132654] sd 2:0:1:0: [sdb] Write Protect is off
[    3.134083] sd 2:0:1:0: [sdb] Incomplete mode parameter data
[    3.135392] sd 2:0:1:0: [sdb] Assuming drive cache: write through
[    3.137625] sd 2:0:1:0: Attached scsi generic sg1 type 0
[    3.288691]  sda: sda1
[    3.290535] sd 2:0:0:0: [sda] Attached SCSI disk
[    3.291670] sd 2:0:1:0: [sdb] Attached SCSI disk
Begin: Loading essential drivers ... [    4.803671] raid6: sse2x1   gen() 10602 MB/s
[    4.848072] raid6: sse2x1   xor()  6125 MB/s
[    4.896256] raid6: sse2x2   gen() 10987 MB/s
[    4.944506] raid6: sse2x2   xor()  6688 MB/s
[    4.992981] raid6: sse2x4   gen()  9892 MB/s
[    5.049154] raid6: sse2x4   xor()  7982 MB/s
[    5.103722] raid6: avx2x1   gen() 17684 MB/s
[    5.161470] raid6: avx2x1   xor() 14245 MB/s
[    5.219743] raid6: avx2x2   gen() 24546 MB/s
[    5.277439] raid6: avx2x2   xor() 15263 MB/s
[    5.328012] raid6: avx2x4   gen() 24133 MB/s
[    5.379625] raid6: avx2x4   xor() 15742 MB/s
[    5.380742] raid6: using algorithm avx2x2 gen() 24546 MB/s
[    5.381860] raid6: .... xor() 15263 MB/s, rmw enabled
[    5.382756] raid6: using avx2x2 recovery algorithm
[    5.385500] xor: automatically using best checksumming function   avx       
[    5.388504] async_tx: api initialized (async)
done.
Begin: Running /scripts/init-premount ... done.
Begin: Mounting root file system ... Begin: Running /scripts/local-top ... done.
Begin: Running /scripts/local-premount ... [    5.441676] Btrfs loaded, crc32c=crc32c-intel
Scanning for Btrfs filesystems
done.
Warning: fsck not present, so skipping root file system
[    5.478824] EXT4-fs (sda1): mounted filesystem with ordered data mode. Opts: (null)
done.
Begin: Running /scripts/local-bottom ... done.
Begin: Running /scripts/init-bottom ... done.
[    5.670735] ip_tables: (C) 2000-2006 Netfilter Core Team
[    5.681506] systemd[1]: systemd 237 running in system mode. (+PAM +AUDIT +SELINUX +IMA +APPARMOR +SMACK +SYSVINIT +UTMP +LIBCRYPTSETUP +GCRYPT +GNUTLS +ACL +XZ +LZ4 +SECCOMP +BLKID +ELFUTILS +KMOD -IDN2 +IDN -PCRE2 default-hierarchy=hybrid)
[    5.684908] systemd[1]: Detected virtualization oracle.
[    5.685815] systemd[1]: Detected architecture x86-64.

Welcome to [1mUbuntu 18.04.4 LTS[0m!

[    5.693621] systemd[1]: Set hostname to <ubuntu>.
[    5.697983] systemd[1]: Initializing machine ID from random generator.
[    5.699179] systemd[1]: Installed transient /etc/machine-id file.
[    5.982540] systemd[1]: Created slice User and Session Slice.
[[0;32m  OK  [0m] Created slice User and Session Slice.
[    5.984328] systemd[1]: Started Forward Password Requests to Wall Directory Watch.
[[0;32m  OK  [0m] Started Forward Password Requests to Wall Directory Watch.
[    5.986268] systemd[1]: Reached target User and Group Name Lookups.
[[0;32m  OK  [0m] Reached target User and Group Name Lookups.
[    5.987995] systemd[1]: Created slice System Slice.
[[0;32m  OK  [0m] Created slice System Slice.
[[0;32m  OK  [0m] Listening on /dev/initctl Compatibility Named Pipe.
[[0;32m  OK  [0m] Listening on Device-mapper event daemon FIFOs.
[[0;32m  OK  [0m] Listening on Network Service Netlink Socket.
[[0;32m  OK  [0m] Listening on Journal Socket (/dev/log).
[[0;32m  OK  [0m] Listening on Journal Audit Socket.
[[0;32m  OK  [0m] Reached target Slices.
[[0;32m  OK  [0m] Listening on udev Control Socket.
[[0;32m  OK  [0m] Listening on udev Kernel Socket.
[[0;32m  OK  [0m] Listening on LVM2 metadata daemon socket.
[[0;32m  OK  [0m] Listening on Journal Socket.
         Starting Load Kernel Modules...
         Mounting Huge Pages File System...
         Starting Uncomplicated firewall...
         Starting Create list of required stâ€¦ce nodes for the current kernel...
         Mounting POSIX Message Queue File System...
         Starting Monitoring of LVM2 mirrorsâ€¦ng dmeventd or progress polling...
[[0;32m  OK  [0m] Reached target Swap.
[[0;32m  OK  [0m] Created slice system-serial\x2dgetty.slice.
         Mounting Kernel Debug File System...
[[0;32m  OK  [0m] Listening on LVM2 poll daemon socket.
[    6.521522] Loading iSCSI transport class v2.0-870.
         Starting Set the console keyboard layout...
[[0;32m  OK  [0m] Reached target System Time Synchronized.
[[0;32m  OK  [0m] Set up automount Arbitrary Executabâ€¦rmats File System Automount Point.
[    6.528150] iscsi: registered transport (tcp)
         Starting Remount Root and Kernel File Systems...
         Starting udev Coldplug all Devices...
[[0;32m  OK  [0m] Listening on Syslog Socket.
         Starting Journal Service...
[[0;32m  OK  [0m] Started Uncomplicated firewall.
[[0;32m  OK  [0m] Started Create list of required staâ€¦vice nodes for the current kernel.
[[0;32m  OK  [0m] Started LVM2 metadata daemon.
         Starting Create Static Device Nodes in /dev...
[[0;32m  OK  [0m] Mounted POSIX Message Queue File System.
[[0;32m  OK  [0m] Mounted Kernel Debug File System.
[[0;32m  OK  [0m] Mounted Huge Pages File System.
[[0;32m  OK  [0m] Started Create Static Device Nodes in /dev.
[[0;32m  OK  [0m] Started udev Coldplug all Devices.
[    6.680883] EXT4-fs (sda1): re-mounted. Opts: (null)
[[0;32m  OK  [0m] Started Remount Root and Kernel File Systems.
         Starting udev Kernel Device Manager...
         Starting Load/Save Rand[    6.705089] iscsi: registered transport (iser)
om Seed...
[[0;32m  OK  [0m] Started Journal Service.
[[0;32m  OK  [0m] Started Load Kernel Modules.
[[0;32m  OK  [0m] Started Monitoring of LVM2 mirrors,â€¦sing dmeventd or progress polling.
         Mounting Kernel Configuration File System...
         Mounting FUSE Control File System...
         Starting Apply Kernel Variables...
         Starting Flush Journal to Persistent Storage...
[[0;32m  OK  [0m] Mounted FUSE Control File System.
[[0;32m  OK  [0m] Mounted Kernel Configuration File System.
[[0;32m  OK  [0m] Started Load/Save Random Seed.
[[0;32m  OK  [0m] Started Set the console keyboard layout.
[[0;32m  OK  [0m] Reached target Local File Systems (Pre).
[[0;32m  OK  [0m] Reached target Local File Systems.
         Starting Tell Plymouth To Write Out Runtime Data...
         Starting Commit a transient machine-id on disk...
         Starting Set console font and keymap...
         Starting ebtables ruleset management...
         Starting AppArmor initialization...
[[0;32m  OK  [0m] Started udev Kernel Device Manager.
[[0;32m  OK  [0m] Started Apply Kernel Variables.
[[0;32m  OK  [0m] Started Dispatch Password Requests to Console Directory Watch.
[[0;32m  OK  [0m] Reached target Local Encrypted Volumes.
[[0;32m  OK  [0m] Started Tell Plymouth To Write Out Runtime Data.
[[0;32m  OK  [0m] Started Set console font and keymap.
[[0;32m  OK  [0m] Started Flush Journal to Persistent Storage.
         Starting Create Volatile Files and Directories...
[[0;32m  OK  [0m] Started Commit a transient machine-id on disk.
[[0;32m  OK  [0m] Started Create Volatile Files and Directories.
         Starting Update UTMP about System Boot/Shutdown...
[[0;32m  OK  [0m] Started Update UTMP about System Boot/Shutdown.
[[0;32m  OK  [0m] Started ebtables ruleset management.
[[0;32m  OK  [0m] Found device /dev/ttyS0.
[[0;32m  OK  [0m] Listening on Load/Save RF Kill Switch Status /dev/rfkill Watch.
[[0;32m  OK  [0m] Started AppArmor initialization.
         Starting Initial cloud-init job (pre-networking)...
[    9.938278] cloud-init[552]: Cloud-init v. 19.4-33-gbb4131a2-0ubuntu1~18.04.1 running 'init-local' at Sat, 03 Sep 2022 17:58:19 +0000. Up 9.23 seconds.
[[0;32m  OK  [0m] Started Initial cloud-init job (pre-networking).
[[0;32m  OK  [0m] Reached target Network (Pre).
         Starting Network Service...
[[0;32m  OK  [0m] Started Network Service.
         Starting Wait for Network to be Configured...
         Starting Network Name Resolution...
[[0;32m  OK  [0m] Started Network Name Resolution.
[[0;32m  OK  [0m] Reached target Network.
[[0;32m  OK  [0m] Reached target Host and Network Name Lookups.
[[0;32m  OK  [0m] Started Wait for Network to be Configured.
         Starting Initial cloud-init job (metadata service crawler)...
[   12.820218] cloud-init[670]: Cloud-init v. 19.4-33-gbb4131a2-0ubuntu1~18.04.1 running 'init' at Sat, 03 Sep 2022 17:58:23 +0000. Up 12.62 seconds.
[   12.821877] cloud-init[670]: ci-info: +++++++++++++++++++++++++++++++++++++Net device info+++++++++++++++++++++++++++++++++++++
[   12.823588] cloud-init[670]: ci-info: +--------+------+--------------------------+---------------+--------+-------------------+
[   12.825064] cloud-init[670]: ci-info: | Device |  Up  |         Address          |      Mask     | Scope  |     Hw-Address    |
[   12.826391] cloud-init[670]: ci-info: +--------+------+--------------------------+---------------+--------+-------------------+
[   12.827953] cloud-init[670]: ci-info: | enp0s3 | True |        10.0.2.15         | 255.255.255.0 | global | 02:43:0e:00:05:fc |
[   12.829543] cloud-init[670]: ci-info: | enp0s3 | True | fe80::43:eff:fe00:5fc/64 |       .       |  link  | 02:43:0e:00:05:fc |
[   12.831200] cloud-init[670]: ci-info: |   lo   | True |        127.0.0.1         |   255.0.0.0   |  host  |         .         |
[   12.833560] cloud-init[670]: ci-info: |   lo   | True |         ::1/128          |       .       |  host  |         .         |
[   12.835063] cloud-init[670]: ci-info: +--------+------+--------------------------+---------------+--------+-------------------+
[   12.836692] cloud-init[670]: ci-info: ++++++++++++++++++++++++++++Route IPv4 info+++++++++++++++++++++++++++++
[   12.839100] cloud-init[670]: ci-info: +-------+-------------+----------+-----------------+-----------+-------+
[   12.840598] cloud-init[670]: ci-info: | Route | Destination | Gateway  |     Genmask     | Interface | Flags |
[   12.842076] cloud-init[670]: ci-info: +-------+-------------+----------+-----------------+-----------+-------+
[   12.843503] cloud-init[670]: ci-info: |   0   |   0.0.0.0   | 10.0.2.2 |     0.0.0.0     |   enp0s3  |   UG  |
[   12.844959] cloud-init[670]: ci-info: |   1   |   10.0.2.0  | 0.0.0.0  |  255.255.255.0  |   enp0s3  |   U   |
[   12.846377] cloud-init[670]: ci-info: |   2   |   10.0.2.2  | 0.0.0.0  | 255.255.255.255 |   enp0s3  |   UH  |
[   12.847683] cloud-init[670]: ci-info: +-------+-------------+----------+-----------------+-----------+-------+
[   12.849218] cloud-init[670]: ci-info: +++++++++++++++++++Route IPv6 info+++++++++++++++++++
[   12.850429] cloud-init[670]: ci-info: +-------+-------------+---------+-----------+-------+
[   12.852214] cloud-init[670]: ci-info: | Route | Destination | Gateway | Interface | Flags |
[   12.853461] cloud-init[670]: ci-info: +-------+-------------+---------+-----------+-------+
[   12.855270] cloud-init[670]: ci-info: |   1   |  fe80::/64  |    ::   |   enp0s3  |   U   |
[   12.856704] cloud-init[670]: ci-info: |   3   |    local    |    ::   |   enp0s3  |   U   |
[   12.858038] cloud-init[670]: ci-info: |   4   |   ff00::/8  |    ::   |   enp0s3  |   U   |
[   12.859367] cloud-init[670]: ci-info: +-------+-------------+---------+-----------+-------+
[   13.446571] cloud-init[670]: Generating public/private rsa key pair.
[   13.447317] cloud-init[670]: Your identification has been saved in /etc/ssh/ssh_host_rsa_key.
[   13.448519] cloud-init[670]: Your public key has been saved in /etc/ssh/ssh_host_rsa_key.pub.
[   13.449481] cloud-init[670]: The key fingerprint is:
[   13.450265] cloud-init[670]: SHA256:nUfHBPD4paz1h51x1djhWRWgZqOSNvwDME5OEx9RtM4 root@ubuntu-bionic
[   13.451464] cloud-init[670]: The key's randomart image is:
[   13.452269] cloud-init[670]: +---[RSA 2048]----+
[   13.452957] cloud-init[670]: |     . o+o...ooo=|
[   13.453627] cloud-init[670]: |      o . .o.o.o=|
[   13.454390] cloud-init[670]: |     * . ..=o =o+|
[   13.455264] cloud-init[670]: |    = = +.+=.+  .|
[   13.456040] cloud-init[670]: |     o BSEo *  ..|
[   13.456845] cloud-init[670]: |      . =  + . o+|
[   13.457612] cloud-init[670]: |         o.   o.o|
[   13.458277] cloud-init[670]: |          .    . |
[   13.468214] cloud-init[670]: |                 |
[   13.468932] cloud-init[670]: +----[SHA256]-----+
[   13.469686] cloud-init[670]: Generating public/private dsa key pair.
[   13.470554] cloud-init[670]: Your identification has been saved in /etc/ssh/ssh_host_dsa_key.
[   13.471535] cloud-init[670]: Your public key has been saved in /etc/ssh/ssh_host_dsa_key.pub.
[   13.472820] cloud-init[670]: The key fingerprint is:
[   13.473550] cloud-init[670]: SHA256:7GjINszff+/eWiJUjJHyjF/Bu9ASjisWJxQOTFzpYck root@ubuntu-bionic
[   13.474911] cloud-init[670]: The key's randomart image is:
[   13.475719] cloud-init[670]: +---[DSA 1024]----+
[   13.476375] cloud-init[670]: |     +ooo+  .o   |
[   13.477169] cloud-init[670]: |      ooE . o+o  |
[   13.477958] cloud-init[670]: |       +.. B.ooo |
[   13.478805] cloud-init[670]: |       .+ + *.+  |
[   13.479697] cloud-init[670]: |        S+ o.+ . |
[   13.480559] cloud-init[670]: |   + . oo ... .  |
[   13.481420] cloud-init[670]: |    B o...  . . .|
[   13.482236] cloud-init[670]: |   . + .    .. + |
[   13.483099] cloud-init[670]: |      . .... +=..|
[   13.483853] cloud-init[670]: +----[SHA256]-----+
[   13.484695] cloud-init[670]: Generating public/private ecdsa key pair.
[   13.485743] cloud-init[670]: Your identification has been saved in /etc/ssh/ssh_host_ecdsa_key.
[   13.487001] cloud-init[670]: Your public key has been saved in /etc/ssh/ssh_host_ecdsa_key.pub.
[   13.488382] cloud-init[670]: The key fingerprint is:
[   13.489246] cloud-init[670]: SHA256:8WekCnEO0nnGbSkclGJDQzN7UQIX7pkmVfxgpDS/AIk root@ubuntu-bionic
[   13.490462] cloud-init[670]: The key's randomart image is:
[   13.491122] cloud-init[670]: +---[ECDSA 256]---+
[   13.491861] cloud-init[670]: |     +O+X*+      |
[   13.492581] cloud-init[670]: |    E.=&.X+.     |
[   13.493383] cloud-init[670]: |    ..*o#.=o.    |
[   13.494227] cloud-init[670]: |     . @ O +.    |
[[0;32m  OK  [0m[   13.508236] ] cloud-initStarted Initial cloud-init job (metadata service crawler).[670]: 
|      o S + o    |
[[0;32m  OK  [0m[   13.509846] cloud-init[670]: |       + . o     |
[   13.510068] cloud-init[670]: |        .        |
[   13.510674] cloud-init[670]: |                 |
[   13.511083] cloud-init[670]: |                 |
[   13.511374] cloud-init[670]: +----[SHA256]-----+
[   13.511833] cloud-init[670]: Generating public/private ed25519 key pair.
[   13.512179] cloud-init[670]: Your identification has been saved in /etc/ssh/ssh_host_ed25519_key.
[   13.512668] cloud-init[670]: Your public key has been saved in /etc/ssh/ssh_host_ed25519_key.pub.
[   13.513132] cloud-init[670]: The key fingerprint is:
[   13.513726] cloud-init[670]: SHA256:LVIFu18ES/qK8b44CIp3f/6lvM5uyYpETlRCNZ6YPYg root@ubuntu-bionic
[   13.514236] cloud-init[670]: The key's randomart image is:
[   13.514817] cloud-init[670]: +--[ED25519 256]--+
] Reached target System Initialization.
[   13.515127] cloud-init[670]: |     .o.=.+      |
[   13.517590] cloud-init[670]: |     . O B o     |
[   13.518205] cloud-init[670]: |    E = O . .    |
[[0;32m  OK  [0m[   13.528295] cloud-init[670]: |     . . = .     |
[   13.528661] cloud-init[670]: |      = S o .    |
[   13.529091] cloud-init[670]: |  .  + = + .     |
[   13.529632] cloud-init[670]: |.. . .+ o....    |
[   13.530145] cloud-init[670]: |o . o..+.o+o     |
[   13.530715] cloud-init[670]: | . . .++=BO.     |
[   13.531429] cloud-init[670]: +----[SHA256]-----+
] Started ACPI Events Check.
[[0;32m  OK  [0m] Started Daily Cleanup of Temporary Directories.
         Starting LXD - unix socket.
[[0;32m  OK  [0m] Started Daily apt download activities.
         Starting Socket activation for snappy daemon.
[[0;32m  OK  [0m] Listening on Open-iSCSI iscsid Socket.
[[0;32m  OK  [0m] Started Discard unused blocks once a week.
[[0;32m  OK  [0m] Listening on D-Bus System Message Bus Socket.
[[0;32m  OK  [0m] Listening on UUID daemon activation socket.
[[0;32m  OK  [0m] Listening on ACPID Listen Socket.
[[0;32m  OK  [0m] Started Daily apt upgrade and clean activities.
[[0;32m  OK  [0m] Reached target Paths.
[[0;32m  OK  [0m] Started Message of the Day.
[[0;32m  OK  [0m] Reached target Timers.
[[0;32m  OK  [0m] Reached target Network is Online.
[[0;32m  OK  [0m] Reached target Remote File Systems (Pre).
[[0;32m  OK  [0m] Reached target Remote File Systems.
         Starting Availability of block devices...
[[0;32m  OK  [0m] Reached target Cloud-config availability.
[[0;32m  OK  [0m] Listening on LXD - unix socket.
[[0;32m  OK  [0m] Listening on Socket activation for snappy daemon.
[[0;32m  OK  [0m] Reached target Sockets.
[[0;32m  OK  [0m] Reached target Basic System.
         Starting Virtualbox guest utils...
[[0;32m  OK  [0m] Started D-Bus System Message Bus.
         Starting Pollinate to seed the pseudo random number generator...
         Starting LSB: automatic crash report generation...
         Starting Accounts Service...
[[0;32m  OK  [0m] Started irqbalance daemon.
[[0;32m  OK  [0m] Started FUSE filesystem for LXC.
         Starting Snappy daemon...
         Starting System Logging Service...
         Starting Dispatcher daemon for systemd-networkd...
         Starting Login Service...
         Starting LSB: Record successful boot for GRUB...
         Starting Permit User Sessions...
[[0;32m  OK  [0m] Started Deferred execution scheduler.
[[0;32m  OK  [0m] Started Regular background program processing daemon.
         Starting LXD - container startup/shutdown...
[[0;32m  OK  [0m] Started System Logging Service.
[[0;32m  OK  [0m] Started Availability of block devices.
[[0;32m  OK  [0m] Started Permit User Sessions.
         Starting Terminate Plymouth Boot Screen...
         Starting Hold until boot process finishes up...
[[0;32m  OK  [0m] Started Hold until boot process finishes up.
[[0;32m  OK  [0m] Started Serial Getty on ttyS0.
         Starting Set console scheme...
[[0;32m  OK  [0m] Started Terminate Plymouth Boot Screen.
[[0;32m  OK  [0m] Started Set console scheme.
[[0;32m  OK  [0m] Created slice system-getty.slice.
[[0;32m  OK  [0m] Started Getty on tty1.
[[0;32m  OK  [0m] Reached target Login Prompts.
         Starting Authorization Manager...
[[0;32m  OK  [0m] Started LSB: automatic crash report generation.
[[0;32m  OK  [0m] Started LSB: Record successful boot for GRUB.
[[0;32m  OK  [0m] Started Login Service.
[[0;32m  OK  [0m] Started Unattended Upgrades Shutdown.
[[0;32m  OK  [0m] Started Virtualbox guest utils.
[[0;32m  OK  [0m] Started Authorization Manager.
[[0;32m  OK  [0m] Started Accounts Service.
[[0;32m  OK  [0m] Started LXD - container startup/shutdown.
[[0;32m  OK  [0m] Started Dispatcher daemon for systemd-networkd.
[[0;32m  OK  [0m] Started Snappy daemon.
         Starting Wait until snapd is fully seeded...
[[0;32m  OK  [0m] Started Pollinate to seed the pseudo random number generator.
         Starting OpenBSD Secure Shell server...
[[0;32m  OK  [0m] Started OpenBSD Secure Shell server.
[[0;32m  OK  [0m] Created slice User Slice of vagrant.
         Starting User Manager for UID 1000...
[[0;32m  OK  [0m] Started Session 1 of user vagrant.
[[0;32m  OK  [0m] Started User Manager for UID 1000.
[[0;32m  OK  [0m] Started Wait until snapd is fully seeded.
[[0;32m  OK  [0m] Reached target Multi-User System.
[[0;32m  OK  [0m] Reached target Graphical Interface.
         Starting Update UTMP about System Runlevel Changes...
         Starting Apply the settings specified in cloud-config...
[[0;32m  OK  [0m] Started Update UTMP about System Runlevel Changes.
[   18.643942] cloud-init[1278]: Cloud-init v. 19.4-33-gbb4131a2-0ubuntu1~18.04.1 running 'modules:config' at Sat, 03 Sep 2022 17:58:28 +0000. Up 18.01 seconds.
[[0;32m  OK  [0m] Started Apply the settings specified in cloud-config.
         Starting Execute cloud user/final scripts...
ci-info: no authorized SSH keys fingerprints found for user ubuntu.
<14>Sep  3 17:58:30 ec2: 
<14>Sep  3 17:58:30 ec2: #############################################################
<14>Sep  3 17:58:30 ec2: -----BEGIN SSH HOST KEY FINGERPRINTS-----
<14>Sep  3 17:58:30 ec2: 1024 SHA256:7GjINszff+/eWiJUjJHyjF/Bu9ASjisWJxQOTFzpYck root@ubuntu-bionic (DSA)
<14>Sep  3 17:58:30 ec2: 256 SHA256:8WekCnEO0nnGbSkclGJDQzN7UQIX7pkmVfxgpDS/AIk root@ubuntu-bionic (ECDSA)
<14>Sep  3 17:58:30 ec2: 256 SHA256:LVIFu18ES/qK8b44CIp3f/6lvM5uyYpETlRCNZ6YPYg root@ubuntu-bionic (ED25519)
<14>Sep  3 17:58:30 ec2: 2048 SHA256:nUfHBPD4paz1h51x1djhWRWgZqOSNvwDME5OEx9RtM4 root@ubuntu-bionic (RSA)
<14>Sep  3 17:58:30 ec2: -----END SSH HOST KEY FINGERPRINTS-----
<14>Sep  3 17:58:30 ec2: #############################################################
-----BEGIN SSH HOST KEY KEYS-----
ecdsa-sha2-nistp256 AAAAE2VjZHNhLXNoYTItbmlzdHAyNTYAAAAIbmlzdHAyNTYAAABBBL4Qcx2Rq0EjIbm3eDazpJbMZls1jqvVfcWwE+8F1xhSLsEZVhhW4xJHm+wQTE2WsF238Tv2dY9ixif7kwK6HpY= root@ubuntu-bionic
ssh-ed25519 AAAAC3NzaC1lZDI1NTE5AAAAIA+Qn+uxzzAyOBpKxD+7QoOgGbKrpngrFcyRY7v0Jg4E root@ubuntu-bionic
ssh-rsa AAAAB3NzaC1yc2EAAAADAQABAAABAQCyRx6emmJDOeoUVDifT23QhyVPGSKWpFWdUbIfA40V1HMhPF/mCs77Gm8HyG6Ta4u5jpLkF6d5mmPG26Yq1fuWCivFJj+Awv1o55sIYojjWxS8WSo9vIbOZg8MdmMqiyCZCKM/iH52yUs8fo9MOli3AI739RycdpKvPYZgk0eYdqkStYTeHdh/7PXvtTi4pKjX3S7KeuFwNHGCWVxZNBtbHxzijdE1JwdTXLdqF+ZCcKN2KtGpiROzcYDksyDH6nZ1OnwhlJ7fOyl1GWuZuXdOcevgmF/idaADxlwZApPHu4I8qXjLUFpD8EFri6+sGk7ZHpR9Gp8byB69BUEdHP3j root@ubuntu-bionic
-----END SSH HOST KEY KEYS-----
[   19.725785] cloud-init[1446]: Cloud-init v. 19.4-33-gbb4131a2-0ubuntu1~18.04.1 running 'modules:final' at Sat, 03 Sep 2022 17:58:30 +0000. Up 19.42 seconds.
[   19.727703] cloud-init[1446]: ci-info: no authorized SSH keys fingerprints found for user ubuntu.
[   19.733571] cloud-init[1446]: Cloud-init v. 19.4-33-gbb4131a2-0ubuntu1~18.04.1 finished at Sat, 03 Sep 2022 17:58:30 +0000. Datasource DataSourceNoCloud [seed=/dev/sdb][dsmode=net].  Up 19.71 seconds

Ubuntu 18.04.4 LTS ubuntu-bionic ttyS0

ubuntu-bionic login: 